stm32f0xx_cec.c:144:6:CEC_DeInit	8	static
stm32f0xx_cec.c:158:6:CEC_Init	8	static
stm32f0xx_cec.c:193:6:CEC_StructInit	0	static
stm32f0xx_cec.c:210:6:CEC_Cmd	0	static
stm32f0xx_cec.c:232:6:CEC_ListenModeCmd	0	static
stm32f0xx_cec.c:253:6:CEC_OwnAddressConfig	0	static
stm32f0xx_cec.c:268:6:CEC_OwnAddressClear	0	static
stm32f0xx_cec.c:298:6:CEC_SendData	0	static
stm32f0xx_cec.c:309:9:CEC_ReceiveData	0	static
stm32f0xx_cec.c:320:6:CEC_StartOfMessage	0	static
stm32f0xx_cec.c:331:6:CEC_EndOfMessage	0	static
stm32f0xx_cec.c:431:6:CEC_ITConfig	0	static
stm32f0xx_cec.c:468:12:CEC_GetFlagStatus	0	static
stm32f0xx_cec.c:509:6:CEC_ClearFlag	0	static
stm32f0xx_cec.c:536:10:CEC_GetITStatus	0	static
stm32f0xx_cec.c:582:6:CEC_ClearITPendingBit	0	static
