stm32f0xx_gpio.c:117:6:GPIO_DeInit	8	static
stm32f0xx_gpio.c:162:6:GPIO_Init	32	static
stm32f0xx_gpio.c:217:6:GPIO_StructInit	0	static
stm32f0xx_gpio.c:238:6:GPIO_PinLockConfig	8	static
stm32f0xx_gpio.c:283:9:GPIO_ReadInputDataBit	0	static
stm32f0xx_gpio.c:307:10:GPIO_ReadInputData	0	static
stm32f0xx_gpio.c:323:9:GPIO_ReadOutputDataBit	0	static
stm32f0xx_gpio.c:347:10:GPIO_ReadOutputData	0	static
stm32f0xx_gpio.c:363:6:GPIO_SetBits	0	static
stm32f0xx_gpio.c:380:6:GPIO_ResetBits	0	static
stm32f0xx_gpio.c:401:6:GPIO_WriteBit	0	static
stm32f0xx_gpio.c:424:6:GPIO_Write	0	static
stm32f0xx_gpio.c:471:6:GPIO_PinAFConfig	8	static
