stm32f0xx_tim.c:3084:13:TI1_Config	20	static
stm32f0xx_tim.c:3120:13:TI2_Config	20	static
stm32f0xx_tim.c:191:6:TIM_DeInit	8	static
stm32f0xx_tim.c:252:6:TIM_TimeBaseInit	12	static
stm32f0xx_tim.c:302:6:TIM_TimeBaseStructInit	0	static
stm32f0xx_tim.c:322:6:TIM_PrescalerConfig	0	static
stm32f0xx_tim.c:346:6:TIM_CounterModeConfig	0	static
stm32f0xx_tim.c:370:6:TIM_SetCounter	0	static
stm32f0xx_tim.c:385:6:TIM_SetAutoreload	0	static
stm32f0xx_tim.c:400:10:TIM_GetCounter	0	static
stm32f0xx_tim.c:415:10:TIM_GetPrescaler	0	static
stm32f0xx_tim.c:432:6:TIM_UpdateDisableConfig	0	static
stm32f0xx_tim.c:462:6:TIM_UpdateRequestConfig	0	static
stm32f0xx_tim.c:488:6:TIM_ARRPreloadConfig	0	static
stm32f0xx_tim.c:516:6:TIM_SelectOnePulseMode	0	static
stm32f0xx_tim.c:538:6:TIM_SetClockDivision	0	static
stm32f0xx_tim.c:558:6:TIM_Cmd	0	static
stm32f0xx_tim.c:616:6:TIM_BDTRConfig	0	static
stm32f0xx_tim.c:640:6:TIM_BDTRStructInit	0	static
stm32f0xx_tim.c:659:6:TIM_CtrlPWMOutputs	0	static
stm32f0xx_tim.c:731:6:TIM_OC1Init	16	static
stm32f0xx_tim.c:813:6:TIM_OC2Init	16	static
stm32f0xx_tim.c:905:6:TIM_OC3Init	16	static
stm32f0xx_tim.c:985:6:TIM_OC4Init	16	static
stm32f0xx_tim.c:1047:6:TIM_OCStructInit	0	static
stm32f0xx_tim.c:1083:6:TIM_SelectOCxM	12	static
stm32f0xx_tim.c:1128:6:TIM_SetCompare1	0	static
stm32f0xx_tim.c:1143:6:TIM_SetCompare2	0	static
stm32f0xx_tim.c:1158:6:TIM_SetCompare3	0	static
stm32f0xx_tim.c:1173:6:TIM_SetCompare4	0	static
stm32f0xx_tim.c:1191:6:TIM_ForcedOC1Config	0	static
stm32f0xx_tim.c:1215:6:TIM_ForcedOC2Config	0	static
stm32f0xx_tim.c:1241:6:TIM_ForcedOC3Config	0	static
stm32f0xx_tim.c:1267:6:TIM_ForcedOC4Config	0	static
stm32f0xx_tim.c:1290:6:TIM_CCPreloadControl	0	static
stm32f0xx_tim.c:1317:6:TIM_OC1PreloadConfig	0	static
stm32f0xx_tim.c:1342:6:TIM_OC2PreloadConfig	0	static
stm32f0xx_tim.c:1367:6:TIM_OC3PreloadConfig	0	static
stm32f0xx_tim.c:1393:6:TIM_OC4PreloadConfig	0	static
stm32f0xx_tim.c:1419:6:TIM_OC1FastConfig	0	static
stm32f0xx_tim.c:1446:6:TIM_OC2FastConfig	0	static
stm32f0xx_tim.c:1473:6:TIM_OC3FastConfig	0	static
stm32f0xx_tim.c:1500:6:TIM_OC4FastConfig	0	static
stm32f0xx_tim.c:1527:6:TIM_ClearOC1Ref	0	static
stm32f0xx_tim.c:1553:6:TIM_ClearOC2Ref	0	static
stm32f0xx_tim.c:1579:6:TIM_ClearOC3Ref	0	static
stm32f0xx_tim.c:1605:6:TIM_ClearOC4Ref	0	static
stm32f0xx_tim.c:1631:6:TIM_OC1PolarityConfig	0	static
stm32f0xx_tim.c:1656:6:TIM_OC1NPolarityConfig	0	static
stm32f0xx_tim.c:1680:6:TIM_OC2PolarityConfig	0	static
stm32f0xx_tim.c:1705:6:TIM_OC2NPolarityConfig	0	static
stm32f0xx_tim.c:1729:6:TIM_OC3PolarityConfig	0	static
stm32f0xx_tim.c:1754:6:TIM_OC3NPolarityConfig	0	static
stm32f0xx_tim.c:1779:6:TIM_OC4PolarityConfig	0	static
stm32f0xx_tim.c:1804:6:TIM_SelectOCREFClear	0	static
stm32f0xx_tim.c:1828:6:TIM_CCxCmd	8	static
stm32f0xx_tim.c:1857:6:TIM_CCxNCmd	8	static
stm32f0xx_tim.c:1882:6:TIM_SelectCOM	0	static
stm32f0xx_tim.c:2016:6:TIM_ICStructInit	0	static
stm32f0xx_tim.c:2090:10:TIM_GetCapture1	0	static
stm32f0xx_tim.c:2104:10:TIM_GetCapture2	0	static
stm32f0xx_tim.c:2118:10:TIM_GetCapture3	0	static
stm32f0xx_tim.c:2132:10:TIM_GetCapture4	0	static
stm32f0xx_tim.c:2152:6:TIM_SetIC1Prescaler	0	static
stm32f0xx_tim.c:2175:6:TIM_SetIC2Prescaler	0	static
stm32f0xx_tim.c:2035:6:TIM_PWMIConfig	24	static
stm32f0xx_tim.c:2198:6:TIM_SetIC3Prescaler	0	static
stm32f0xx_tim.c:2221:6:TIM_SetIC4Prescaler	0	static
stm32f0xx_tim.c:1958:6:TIM_ICInit	24	static
stm32f0xx_tim.c:2314:6:TIM_GenerateEvent	0	static
stm32f0xx_tim.c:2349:12:TIM_GetFlagStatus	0	static
stm32f0xx_tim.c:2395:6:TIM_ClearFlag	0	static
stm32f0xx_tim.c:2427:10:TIM_GetITStatus	0	static
stm32f0xx_tim.c:2472:6:TIM_ClearITPendingBit	0	static
stm32f0xx_tim.c:2509:6:TIM_DMAConfig	0	static
stm32f0xx_tim.c:2535:6:TIM_DMACmd	0	static
stm32f0xx_tim.c:2273:6:TIM_ITConfig	8	static
stm32f0xx_tim.c:2561:6:TIM_SelectCCDMA	0	static
stm32f0xx_tim.c:2600:6:TIM_InternalClockConfig	0	static
stm32f0xx_tim.c:2619:6:TIM_ITRxExternalClockConfig	0	static
stm32f0xx_tim.c:2646:6:TIM_TIxExternalClockConfig	16	static
stm32f0xx_tim.c:2795:6:TIM_SelectInputTrigger	0	static
stm32f0xx_tim.c:2834:6:TIM_SelectOutputTrigger	0	static
stm32f0xx_tim.c:2858:6:TIM_SelectSlaveMode	0	static
stm32f0xx_tim.c:2880:6:TIM_SelectMasterSlaveMode	0	static
stm32f0xx_tim.c:2910:6:TIM_ETRConfig	8	static
stm32f0xx_tim.c:2686:6:TIM_ETRClockMode1Config	8	static
stm32f0xx_tim.c:2730:6:TIM_ETRClockMode2Config	8	static
stm32f0xx_tim.c:2965:6:TIM_EncoderInterfaceConfig	20	static
stm32f0xx_tim.c:3008:6:TIM_SelectHallSensor	0	static
stm32f0xx_tim.c:3054:6:TIM_RemapConfig	0	static
