stm32f0xx_rcc.c:146:6:RCC_DeInit	0	static
stm32f0xx_rcc.c:201:6:RCC_HSEConfig	0	static
stm32f0xx_rcc.c:261:6:RCC_AdjustHSICalibrationValue	0	static
stm32f0xx_rcc.c:295:6:RCC_HSICmd	0	static
stm32f0xx_rcc.c:321:6:RCC_AdjustHSI14CalibrationValue	0	static
stm32f0xx_rcc.c:352:6:RCC_HSI14Cmd	0	static
stm32f0xx_rcc.c:373:6:RCC_HSI14ADCRequestCmd	0	static
stm32f0xx_rcc.c:405:6:RCC_LSEConfig	0	static
stm32f0xx_rcc.c:431:6:RCC_LSEDriveConfig	0	static
stm32f0xx_rcc.c:455:6:RCC_LSICmd	0	static
stm32f0xx_rcc.c:486:6:RCC_PLLConfig	8	static
stm32f0xx_rcc.c:510:6:RCC_PLLCmd	0	static
stm32f0xx_rcc.c:532:6:RCC_PREDIV1Config	0	static
stm32f0xx_rcc.c:559:6:RCC_ClockSecuritySystemCmd	0	static
stm32f0xx_rcc.c:589:6:RCC_MCOConfig	0	static
stm32f0xx_rcc.c:739:6:RCC_SYSCLKConfig	0	static
stm32f0xx_rcc.c:767:9:RCC_GetSYSCLKSource	0	static
stm32f0xx_rcc.c:788:6:RCC_HCLKConfig	0	static
stm32f0xx_rcc.c:819:6:RCC_PCLKConfig	0	static
stm32f0xx_rcc.c:848:6:RCC_ADCCLKConfig	0	static
stm32f0xx_rcc.c:873:6:RCC_CECCLKConfig	0	static
stm32f0xx_rcc.c:893:6:RCC_I2CCLKConfig	0	static
stm32f0xx_rcc.c:915:6:RCC_USARTCLKConfig	0	static
stm32f0xx_rcc.c:962:6:RCC_GetClocksFreq	16	static
stm32f0xx_rcc.c:1134:6:RCC_RTCCLKConfig	0	static
stm32f0xx_rcc.c:1151:6:RCC_RTCCLKCmd	0	static
stm32f0xx_rcc.c:1174:6:RCC_BackupResetCmd	0	static
stm32f0xx_rcc.c:1210:6:RCC_AHBPeriphClockCmd	0	static
stm32f0xx_rcc.c:1246:6:RCC_APB2PeriphClockCmd	0	static
stm32f0xx_rcc.c:1285:6:RCC_APB1PeriphClockCmd	0	static
stm32f0xx_rcc.c:1315:6:RCC_AHBPeriphResetCmd	0	static
stm32f0xx_rcc.c:1348:6:RCC_APB2PeriphResetCmd	0	static
stm32f0xx_rcc.c:1384:6:RCC_APB1PeriphResetCmd	0	static
stm32f0xx_rcc.c:1435:6:RCC_ITConfig	0	static
stm32f0xx_rcc.c:1473:12:RCC_GetFlagStatus	0	static
stm32f0xx_rcc.c:227:13:RCC_WaitForHSEStartUp	16	static
stm32f0xx_rcc.c:1525:6:RCC_ClearFlag	0	static
stm32f0xx_rcc.c:1544:10:RCC_GetITStatus	0	static
stm32f0xx_rcc.c:1577:6:RCC_ClearITPendingBit	0	static
