stm32f0xx_dac.c:148:6:DAC_DeInit	8	static
stm32f0xx_dac.c:166:6:DAC_Init	8	static
stm32f0xx_dac.c:200:6:DAC_StructInit	0	static
stm32f0xx_dac.c:219:6:DAC_Cmd	0	static
stm32f0xx_dac.c:246:6:DAC_SoftwareTriggerCmd	0	static
stm32f0xx_dac.c:274:6:DAC_SetChannel1Data	8	static
stm32f0xx_dac.c:296:10:DAC_GetDataOutputValue	8	static
stm32f0xx_dac.c:338:6:DAC_DMACmd	0	static
stm32f0xx_dac.c:386:6:DAC_ITConfig	0	static
stm32f0xx_dac.c:417:12:DAC_GetFlagStatus	0	static
stm32f0xx_dac.c:450:6:DAC_ClearFlag	0	static
stm32f0xx_dac.c:472:10:DAC_GetITStatus	0	static
stm32f0xx_dac.c:509:6:DAC_ClearITPendingBit	0	static
