stm32f0xx_adc.c:130:6:ADC_DeInit	8	static
stm32f0xx_adc.c:156:6:ADC_Init	8	static
stm32f0xx_adc.c:201:6:ADC_StructInit	0	static
stm32f0xx_adc.c:230:6:ADC_Cmd	0	static
stm32f0xx_adc.c:259:6:ADC_JitterCmd	0	static
stm32f0xx_adc.c:315:6:ADC_AutoPowerOffCmd	0	static
stm32f0xx_adc.c:349:6:ADC_WaitModeCmd	0	static
stm32f0xx_adc.c:401:6:ADC_AnalogWatchdogCmd	0	static
stm32f0xx_adc.c:428:6:ADC_AnalogWatchdogThresholdsConfig	0	static
stm32f0xx_adc.c:469:6:ADC_AnalogWatchdogSingleChannelConfig	0	static
stm32f0xx_adc.c:497:6:ADC_AnalogWatchdogSingleChannelCmd	0	static
stm32f0xx_adc.c:549:6:ADC_TempSensorCmd	0	static
stm32f0xx_adc.c:572:6:ADC_VrefintCmd	0	static
stm32f0xx_adc.c:595:6:ADC_VbatCmd	0	static
stm32f0xx_adc.c:688:6:ADC_ChannelConfig	0	static
stm32f0xx_adc.c:720:6:ADC_ContinuousModeCmd	0	static
stm32f0xx_adc.c:748:6:ADC_DiscModeCmd	0	static
stm32f0xx_adc.c:773:6:ADC_OverrunModeCmd	0	static
stm32f0xx_adc.c:798:10:ADC_GetCalibrationFactor	0	static
stm32f0xx_adc.c:835:6:ADC_StopOfConversion	0	static
stm32f0xx_adc.c:850:6:ADC_StartOfConversion	0	static
stm32f0xx_adc.c:863:10:ADC_GetConversionValue	0	static
stm32f0xx_adc.c:907:6:ADC_DMACmd	0	static
stm32f0xx_adc.c:934:6:ADC_DMARequestModeConfig	0	static
stm32f0xx_adc.c:1042:6:ADC_ITConfig	0	static
stm32f0xx_adc.c:1079:12:ADC_GetFlagStatus	0	static
stm32f0xx_adc.c:1125:6:ADC_ClearFlag	0	static
stm32f0xx_adc.c:1148:10:ADC_GetITStatus	0	static
stm32f0xx_adc.c:1188:6:ADC_ClearITPendingBit	0	static
