stm32f0xx_spi.c:167:6:SPI_I2S_DeInit	8	static
stm32f0xx_spi.c:196:6:SPI_StructInit	0	static
stm32f0xx_spi.c:227:6:SPI_Init	8	static
stm32f0xx_spi.c:297:6:I2S_StructInit	0	static
stm32f0xx_spi.c:332:6:I2S_Init	56	static
stm32f0xx_spi.c:435:6:SPI_Cmd	0	static
stm32f0xx_spi.c:467:6:SPI_TIModeCmd	0	static
stm32f0xx_spi.c:492:6:I2S_Cmd	0	static
stm32f0xx_spi.c:529:6:SPI_DataSizeConfig	0	static
stm32f0xx_spi.c:556:6:SPI_RxFIFOThresholdConfig	0	static
stm32f0xx_spi.c:578:6:SPI_BiDirectionalLineConfig	0	static
stm32f0xx_spi.c:606:6:SPI_NSSInternalSoftwareConfig	0	static
stm32f0xx_spi.c:633:6:SPI_SSOutputCmd	0	static
stm32f0xx_spi.c:662:6:SPI_NSSPulseModeCmd	0	static
stm32f0xx_spi.c:716:6:SPI_SendData8	0	static
stm32f0xx_spi.c:736:6:SPI_I2S_SendData16	0	static
stm32f0xx_spi.c:749:9:SPI_ReceiveData8	0	static
stm32f0xx_spi.c:765:10:SPI_I2S_ReceiveData16	0	static
stm32f0xx_spi.c:846:6:SPI_CRCLengthConfig	0	static
stm32f0xx_spi.c:868:6:SPI_CalculateCRC	0	static
stm32f0xx_spi.c:891:6:SPI_TransmitCRC	0	static
stm32f0xx_spi.c:909:10:SPI_GetCRC	0	static
stm32f0xx_spi.c:935:10:SPI_GetCRCPolynomial	0	static
stm32f0xx_spi.c:973:6:SPI_I2S_DMACmd	0	static
stm32f0xx_spi.c:1010:6:SPI_LastDMATransferCmd	0	static
stm32f0xx_spi.c:1115:6:SPI_I2S_ITConfig	0	static
stm32f0xx_spi.c:1151:10:SPI_GetTransmissionFIFOStatus	0	static
stm32f0xx_spi.c:1166:10:SPI_GetReceptionFIFOStatus	0	static
stm32f0xx_spi.c:1189:12:SPI_I2S_GetFlagStatus	0	static
stm32f0xx_spi.c:1224:6:SPI_I2S_ClearFlag	0	static
stm32f0xx_spi.c:1248:10:SPI_I2S_GetITStatus	12	static
