stm32f0xx_rtc.c:2321:16:RTC_ByteToBcd2	0	static
stm32f0xx_rtc.c:2339:16:RTC_Bcd2ToByte	0	static
stm32f0xx_rtc.c:415:6:RTC_StructInit	0	static
stm32f0xx_rtc.c:437:6:RTC_WriteProtectionCmd	0	static
stm32f0xx_rtc.c:464:13:RTC_EnterInitMode	16	static
stm32f0xx_rtc.c:509:6:RTC_ExitInitMode	0	static
stm32f0xx_rtc.c:369:13:RTC_Init	16	static
stm32f0xx_rtc.c:531:13:RTC_WaitForSynchro	16	static
stm32f0xx_rtc.c:309:13:RTC_DeInit	8	static
stm32f0xx_rtc.c:582:13:RTC_RefClockCmd	16	static
stm32f0xx_rtc.c:630:6:RTC_BypassShadowCmd	0	static
stm32f0xx_rtc.c:684:13:RTC_SetTime	32	static
stm32f0xx_rtc.c:788:6:RTC_TimeStructInit	0	static
stm32f0xx_rtc.c:807:6:RTC_GetTime	24	static
stm32f0xx_rtc.c:840:10:RTC_GetSubSecond	0	static
stm32f0xx_rtc.c:865:13:RTC_SetDate	24	static
stm32f0xx_rtc.c:956:6:RTC_DateStructInit	0	static
stm32f0xx_rtc.c:975:6:RTC_GetDate	16	static
stm32f0xx_rtc.c:1035:6:RTC_SetAlarm	40	static
stm32f0xx_rtc.c:1139:6:RTC_AlarmStructInit	0	static
stm32f0xx_rtc.c:1168:6:RTC_GetAlarm	32	static
stm32f0xx_rtc.c:1214:13:RTC_AlarmCmd	16	static
stm32f0xx_rtc.c:1306:6:RTC_AlarmSubSecondConfig	0	static
stm32f0xx_rtc.c:1338:10:RTC_GetAlarmSubSecond	0	static
stm32f0xx_rtc.c:1380:6:RTC_DayLightSavingConfig	8	static
stm32f0xx_rtc.c:1407:10:RTC_GetStoreOperation	0	static
stm32f0xx_rtc.c:1443:6:RTC_OutputConfig	8	static
stm32f0xx_rtc.c:1485:6:RTC_CalibOutputCmd	0	static
stm32f0xx_rtc.c:1517:6:RTC_CalibOutputConfig	0	static
stm32f0xx_rtc.c:1553:13:RTC_SmoothCalibConfig	16	static
stm32f0xx_rtc.c:1629:6:RTC_TimeStampCmd	8	static
stm32f0xx_rtc.c:1673:6:RTC_GetTimeStamp	40	static
stm32f0xx_rtc.c:1717:10:RTC_GetTimeStampSubSecond	0	static
stm32f0xx_rtc.c:1754:6:RTC_TamperTriggerConfig	0	static
stm32f0xx_rtc.c:1782:6:RTC_TamperCmd	0	static
stm32f0xx_rtc.c:1813:6:RTC_TamperFilterConfig	0	static
stm32f0xx_rtc.c:1847:6:RTC_TamperSamplingFreqConfig	0	static
stm32f0xx_rtc.c:1870:6:RTC_TamperPinsPrechargeDuration	0	static
stm32f0xx_rtc.c:1890:6:RTC_TimeStampOnTamperDetectionCmd	0	static
stm32f0xx_rtc.c:1913:6:RTC_TamperPullUpCmd	0	static
stm32f0xx_rtc.c:1954:6:RTC_WriteBackupRegister	8	static
stm32f0xx_rtc.c:1975:10:RTC_ReadBackupRegister	8	static
stm32f0xx_rtc.c:2015:6:RTC_OutputTypeConfig	0	static
stm32f0xx_rtc.c:2053:13:RTC_SynchroShiftConfig	16	static
stm32f0xx_rtc.c:2162:6:RTC_ITConfig	8	static
stm32f0xx_rtc.c:2205:12:RTC_GetFlagStatus	0	static
stm32f0xx_rtc.c:2240:6:RTC_ClearFlag	0	static
stm32f0xx_rtc.c:2259:10:RTC_GetITStatus	12	static
stm32f0xx_rtc.c:2298:6:RTC_ClearITPendingBit	0	static
