stm32f0xx_usart.c:172:6:USART_DeInit	8	static
stm32f0xx_usart.c:200:6:USART_Init	56	static
stm32f0xx_usart.c:309:6:USART_StructInit	0	static
stm32f0xx_usart.c:329:6:USART_ClockInit	8	static
stm32f0xx_usart.c:359:6:USART_ClockStructInit	0	static
stm32f0xx_usart.c:375:6:USART_Cmd	0	static
stm32f0xx_usart.c:404:6:USART_DirectionModeCmd	0	static
stm32f0xx_usart.c:434:6:USART_OverSampling8Cmd	0	static
stm32f0xx_usart.c:460:6:USART_OneBitMethodCmd	0	static
stm32f0xx_usart.c:488:6:USART_MSBFirstCmd	0	static
stm32f0xx_usart.c:520:6:USART_DataInvCmd	0	static
stm32f0xx_usart.c:554:6:USART_InvPinCmd	0	static
stm32f0xx_usart.c:585:6:USART_SWAPPinCmd	0	static
stm32f0xx_usart.c:610:6:USART_ReceiverTimeOutCmd	0	static
stm32f0xx_usart.c:636:6:USART_SetReceiverTimeOut	0	static
stm32f0xx_usart.c:657:6:USART_SetPrescaler	0	static
stm32f0xx_usart.c:704:6:USART_STOPModeCmd	0	static
stm32f0xx_usart.c:735:6:USART_StopModeWakeUpSourceConfig	0	static
stm32f0xx_usart.c:785:6:USART_AutoBaudRateCmd	0	static
stm32f0xx_usart.c:815:6:USART_AutoBaudRateConfig	0	static
stm32f0xx_usart.c:857:6:USART_SendData	0	static
stm32f0xx_usart.c:872:10:USART_ReceiveData	0	static
stm32f0xx_usart.c:921:6:USART_SetAddress	0	static
stm32f0xx_usart.c:939:6:USART_MuteModeCmd	0	static
stm32f0xx_usart.c:966:6:USART_MuteModeWakeUpConfig	0	static
stm32f0xx_usart.c:985:6:USART_AddressDetectionConfig	0	static
stm32f0xx_usart.c:1048:6:USART_LINBreakDetectLengthConfig	0	static
stm32f0xx_usart.c:1065:6:USART_LINCmd	0	static
stm32f0xx_usart.c:1121:6:USART_HalfDuplexCmd	0	static
stm32f0xx_usart.c:1201:6:USART_SetGuardTime	0	static
stm32f0xx_usart.c:1219:6:USART_SmartCardCmd	0	static
stm32f0xx_usart.c:1243:6:USART_SmartCardNACKCmd	0	static
stm32f0xx_usart.c:1266:6:USART_SetAutoRetryCount	0	static
stm32f0xx_usart.c:1283:6:USART_SetBlockLength	0	static
stm32f0xx_usart.c:1345:6:USART_IrDAConfig	0	static
stm32f0xx_usart.c:1362:6:USART_IrDACmd	0	static
stm32f0xx_usart.c:1419:6:USART_DECmd	0	static
stm32f0xx_usart.c:1445:6:USART_DEPolarityConfig	0	static
stm32f0xx_usart.c:1462:6:USART_SetDEAssertionTime	0	static
stm32f0xx_usart.c:1481:6:USART_SetDEDeassertionTime	0	static
stm32f0xx_usart.c:1527:6:USART_DMACmd	0	static
stm32f0xx_usart.c:1559:6:USART_DMAReceptionErrorConfig	0	static
stm32f0xx_usart.c:1691:6:USART_ITConfig	8	static
stm32f0xx_usart.c:1744:6:USART_RequestCmd	0	static
stm32f0xx_usart.c:1776:6:USART_OverrunDetectionConfig	0	static
stm32f0xx_usart.c:1817:12:USART_GetFlagStatus	0	static
stm32f0xx_usart.c:1865:6:USART_ClearFlag	0	static
stm32f0xx_usart.c:1895:10:USART_GetITStatus	8	static
stm32f0xx_usart.c:1966:6:USART_ClearITPendingBit	0	static
